// Jest Snapshot v1, https://goo.gl/fbAQLP

exports[`AboutSection renders correctly 1`] = `
<div
  className="max-w-full mx-auto relative overflow-hidden"
>
  <div
    className="max-w-7xl mx-auto my-6 sm:my-8 px-8 flex items-center justify-between"
  >
    <div
      className="flex-1 min-w-0"
    >
      <h2
        className="text-2xl font-bold leading-7 text-primary sm:text-3xl sm:truncate"
      >
        Hi there ðŸ––
      </h2>
    </div>
    <div
      className="flex"
    >
      <a
        className="m-auto inline-flex items-center px-3 sm:px-4 py-1 sm:py-2 border border-transparent rounded-md shadow-sm text-sm font-medium text-tertiary bg-accent hover:bg-accentHover"
        href="mailto:"
      >
        Get in touch
      </a>
    </div>
  </div>
</div>
`;
