// Jest Snapshot v1, https://goo.gl/fbAQLP

exports[`Banner renders correctly 1`] = `
<div
  className="relative bg-accent"
>
  <div
    className="max-w-7xl mx-auto py-3 pl-8 sm:px-8"
  >
    <div
      className="pr-16 sm:text-center sm:px-16"
    >
      <p
        className="font-medium text-tertiary text-sm sm:text-base"
      >
        <span
          className="md:hidden"
        >
          This is a default text just to fill the space.
        </span>
        <span
          className="hidden md:inline"
        >
          This is a default text just to fill the space.
        </span>
      </p>
    </div>
  </div>
</div>
`;
