// Jest Snapshot v1, https://goo.gl/fbAQLP

exports[`BlockInfo renders correctly 1`] = `
<div
  className="bg-blue-50 border-blue-300 border-l-2 sm:border-l-4 font-sans inline-block my-2 px-4 py-3 relative text-xs sm:text-sm sm:w-auto w-full"
>
  ℹ️ 
</div>
`;
