// Jest Snapshot v1, https://goo.gl/fbAQLP

exports[`BlockWarning renders correctly 1`] = `
<div
  className="bg-yellow-100 border-yellow-300 border-l-2 sm:border-l-4 font-sans inline-block my-2 px-4 py-3 relative text-primary text-xs sm:text-sm sm:w-auto w-full"
/>
`;
