// Jest Snapshot v1, https://goo.gl/fbAQLP

exports[`NoteSummary renders correctly 1`] = `
<div>
  <div
    className="inline-block text-xs sm:text-sm"
  >
    <span
      className="font-medium inline-flex items-center px-3 py-0.5 rounded-full bg-undefined-100 text-undefined-800"
    >
      Default
    </span>
    <span
      aria-hidden="true"
      className="px-2 text-secondary"
    >
      ‚è±
    </span>
    <span
      className="text-secondary"
    >
      1 min read
    </span>
  </div>
  <a
    className="block mt-3"
    href="#"
  >
    <p
      className="font-semibold font-serif text-primary text-xl sm:text-2xl "
    >
      Default title
    </p>
    <p
      className="mt-3 text-secondary text-sm sm:text-base"
    >
      This is a default summary for a default article.
    </p>
  </a>
  <div
    className="mt-3"
  >
    <a
      className="font-semibold text-accent text-sm sm:text-base"
      href="#"
    >
      Read full note
    </a>
  </div>
</div>
`;
